[ippro.netlify.app/index.html]
[backblue.gif]
[fade.gif]
[index.html]
[ippro.netlify.app/css/bootstrap.css]
[ippro.netlify.app/plugins/revolution/css/settings.css]
[ippro.netlify.app/plugins/revolution/css/layers.css]
[ippro.netlify.app/plugins/revolution/css/navigation.css]
[ippro.netlify.app/css/style.css]
[ippro.netlify.app/css/responsive.css]
[ippro.netlify.app/css/color-switcher-design.css]
[ippro.netlify.app/css/color-themes/default-theme.css]
[ippro.netlify.app/images/favicon.ico]
[cdn.weglot.com/weglot.min.js]
[d33wubrfki0l68.cloudfront.net/48c7ccb9b168d861130b49429cde46a4d2734526/05661/images/logoippro.jpg]
[ippro.netlify.app/about.html]
[ippro.netlify.app/trademark.html]
[ippro.netlify.app/patent.html]
[ippro.netlify.app/industrialdesign.html]
[ippro.netlify.app/intellectual.html]
[ippro.netlify.app/contact.html]
[d33wubrfki0l68.cloudfront.net/09d2178f05a31b4e4f7d29708ab7969c1e250896/8f54f/images/main-slider/batiment-1.jpg]
[ippro.netlify.app/trademark-2.html]
[d33wubrfki0l68.cloudfront.net/ed70c09d1e4742997f46b698ce3fbc0e10766dea/99ad4/images/resource/tr.jpg]
[d33wubrfki0l68.cloudfront.net/4e1a675f92dff930075baa45a51f1eb3e0cfeff3/78b5f/images/resource/industrialdesign.jpg]
[ippro.netlify.app/images/ip.png]
[d33wubrfki0l68.cloudfront.net/ad058e2e24062f1b04a748de53733fd888d1390c/b5e09/images/intellectual.jpg]
[ippro.netlify.app/images/bc.jpg]
[d33wubrfki0l68.cloudfront.net/dce081b4fc5a4c59596bdf9aa814015c9f421b85/bc675/images/logoippro2.png]
[d33wubrfki0l68.cloudfront.net/b9f01fe3f7f33f8255aa5e8788858983359921a8/1fda9/images/clients/certificate.png]
[d33wubrfki0l68.cloudfront.net/9458f7231e16e76e76af707cdcb65a5f6904898a/08cf1/images/clients/prototype.png]
[d33wubrfki0l68.cloudfront.net/f377afa183385b14fed948f542cfe3a9fb90f633/01c2f/images/clients/trademark.png]
[ippro.netlify.app/js/jquery.js]
[ippro.netlify.app/plugins/revolution/js/jquery.themepunch.revolution.min.js]
[ippro.netlify.app/plugins/revolution/js/jquery.themepunch.tools.min.js]
[ippro.netlify.app/plugins/revolution/js/extensions/revolution.extension.actions.min.js]
[ippro.netlify.app/plugins/revolution/js/extensions/revolution.extension.carousel.min.js]
[ippro.netlify.app/plugins/revolution/js/extensions/revolution.extension.kenburn.min.js]
[ippro.netlify.app/plugins/revolution/js/extensions/revolution.extension.layeranimation.min.js]
[ippro.netlify.app/plugins/revolution/js/extensions/revolution.extension.migration.min.js]
[ippro.netlify.app/plugins/revolution/js/extensions/revolution.extension.navigation.min.js]
[ippro.netlify.app/plugins/revolution/js/extensions/revolution.extension.parallax.min.js]
[ippro.netlify.app/plugins/revolution/js/extensions/revolution.extension.slideanims.min.js]
[ippro.netlify.app/plugins/revolution/js/extensions/revolution.extension.video.min.js]
[ippro.netlify.app/js/main-slider-script.js]
[ippro.netlify.app/js/popper.min.js]
[ippro.netlify.app/js/bootstrap.min.js]
[ippro.netlify.app/js/jquery.mCustomScrollbar.concat.min.js]
[ippro.netlify.app/js/jquery.fancybox.js]
[ippro.netlify.app/js/owl.js]
[ippro.netlify.app/js/wow.js]
[ippro.netlify.app/js/appear.js]
[ippro.netlify.app/js/isotope.js]
[ippro.netlify.app/js/script.js]
[ippro.netlify.app/js/jquery-ui.js]
[ippro.netlify.app/js/in.js]
[ippro.netlify.app/js/form.js]
[ippro.netlify.app/js/map-script.js]
[ippro.netlify.app/js/color-settings.js]
[ippro.netlify.app/index.html]
[ippro.netlify.app/css/bootstrap.css]
[ippro.netlify.app/plugins/revolution/fonts/revicons/revicons90c690c6.eot]
[ippro.netlify.app/plugins/revolution/fonts/revicons/revicons90c690c6.woff]
[ippro.netlify.app/plugins/revolution/fonts/revicons/revicons90c690c6.ttf]
[ippro.netlify.app/plugins/revolution/fonts/revicons/revicons90c690c6.svg]
[ippro.netlify.app/plugins/revolution/assets/gridtile.png]
[ippro.netlify.app/plugins/revolution/assets/gridtile_white.png]
[ippro.netlify.app/plugins/revolution/assets/gridtile_3x3.png]
[ippro.netlify.app/plugins/revolution/assets/gridtile_3x3_white.png]
[ippro.netlify.app/plugins/revolution/assets/coloredbg.png]
[ippro.netlify.app/plugins/revolution/assets/loader.gif]
[ippro.netlify.app/plugins/revolution/css/settings.css]
[ippro.netlify.app/plugins/revolution/css/layers.css]
[ippro.netlify.app/plugins/revolution/css/navigation.css]
[ippro.netlify.app/css/font-awesome.css]
[ippro.netlify.app/css/flaticon.css]
[ippro.netlify.app/css/animate.css]
[ippro.netlify.app/css/owl.css]
[ippro.netlify.app/css/jquery-ui.css]
[ippro.netlify.app/css/jquery.fancybox.min.css]
[ippro.netlify.app/css/jquery.mCustomScrollbar.min.css]
[ippro.netlify.app/images/icons/preloader.svg]
[ippro.netlify.app/images/background/2.jpg]
[ippro.netlify.app/images/background/layer-1-bg.jpg]
[ippro.netlify.app/images/testimonials/quote.51.delayed]
[ippro.netlify.app/css/style.css]
[ippro.netlify.app/css/responsive.css]
[ippro.netlify.app/images/icons/tick.png]
[ippro.netlify.app/css/color-switcher-design.css]
[ippro.netlify.app/css/color-themes/default-theme.css]
[ippro.netlify.app/images/backiprro.jpg]
[ippro.netlify.app/images/background/11.jpg]
[ippro.netlify.app/images/background/6.jpg]
[ippro.netlify.app/about.html]
[ippro.netlify.app/index-2.56.delayed]
[d33wubrfki0l68.cloudfront.net/318b8e5d617cefe0925bbeb93cff9bb3c36b4e9e/2a6c8/images/tr.jpg]
[ippro.netlify.app/trademark.html]
[d33wubrfki0l68.cloudfront.net/cf14509805c6d1deaca3a366cb1511f2606d67f2/28a49/images/patent.jpg]
[ippro.netlify.app/patent.html]
[d33wubrfki0l68.cloudfront.net/de594cb2d8e9a7ca9d05e65d053aa6219c0fb275/2c032/images/industrialdesign2.jpg]
[ippro.netlify.app/industrialdesign.html]
[ippro.netlify.app/intellectual.html]
[ippro.netlify.app/indsutrialdesign.5a.delayed]
[ippro.netlify.app/contact.html]
[ippro.netlify.app/trademark-2.html]
[d33wubrfki0l68.cloudfront.net/fb113804707aa3e110a23814fc05dc6c906a9e6e/2af6f/images/main-slider/tehcnologies.html]
[d33wubrfki0l68.cloudfront.net/efd1aec50478d6583cb9b92983d3528af51c32f1/901c2/images/resource/patent2.html]
[d33wubrfki0l68.cloudfront.net/1444687064b3131badc976ea74132dddff795e9e/77b6e/images/resource/intel.html]
[ippro.netlify.app/plugins/revolution/fonts/revicons/revicons90c690c6.svg]
[ippro.netlify.app/plugins/revolution/css/openhand.html]
[ippro.netlify.app/plugins/revolution/css/closedhand.html]
[ippro.netlify.app/js/validate.js]
[ippro.netlify.app/fonts/fontawesome-webfont914c914c.eot]
[ippro.netlify.app/fonts/fontawesome-webfontd41dd41d.eot]
[ippro.netlify.app/fonts/fontawesome-webfont914c914c.woff2]
[ippro.netlify.app/fonts/fontawesome-webfont914c914c.woff]
[ippro.netlify.app/fonts/fontawesome-webfont914c914c.ttf]
[ippro.netlify.app/css/font-awesome.css]
[ippro.netlify.app/fonts/flaticon.eot]
[ippro.netlify.app/fonts/flaticond41dd41d.eot]
[ippro.netlify.app/fonts/fontawesome-webfont914c914c.svg]
[ippro.netlify.app/fonts/flaticon.woff]
[ippro.netlify.app/fonts/flaticon.ttf]
[ippro.netlify.app/css/flaticon.css]
[ippro.netlify.app/css/animate.css]
[ippro.netlify.app/fonts/flaticon.svg]
[ippro.netlify.app/css/owl.css]
[ippro.netlify.app/css/owl.video.play.html]
[ippro.netlify.app/css/images/ui-icons_444444_256x240.png]
[ippro.netlify.app/css/images/ui-icons_777620_256x240.html]
[ippro.netlify.app/css/images/ui-icons_cc0000_256x240.html]
[ippro.netlify.app/css/jquery-ui.css]
[ippro.netlify.app/css/jquery.fancybox.min.css]
[ippro.netlify.app/css/jquery.bootstrap-touchspin.css]
[ippro.netlify.app/css/images/ui-icons_777777_256x240.html]
[ippro.netlify.app/css/jquery.mCustomScrollbar.min.css]
[ippro.netlify.app/images/icons/preloader.svg]
[ippro.netlify.app/images/testimonials/quote.html]
[ippro.netlify.app/index-2.html]
[ippro.netlify.app/indsutrialdesign.html]
[ippro.netlify.app/fonts/fontawesome-webfont914c914c.svg]
[ippro.netlify.app/fonts/flaticon.svg]
[ippro.netlify.app/css/mcsb_buttons.html]
[expert-themes.com/wp-includes/js/jquery/jquery.minaf6c.js]
[expert-themes.com/wp-includes/js/jquery/jquery-migrate.mind617.js]
[expert-themes.com/wp-content/plugins/revslider/public/assets/js/revolution.tools.minf049.js]
[expert-themes.com/wp-content/plugins/revslider/public/assets/js/rs6.min658f.js]
[expert-themes.com/wp-content/uploads/2018/06/cropped-index-32x32.png]
[expert-themes.com/wp-content/uploads/2018/06/cropped-index-192x192.png]
[expert-themes.com/wp-content/uploads/2018/06/cropped-index-180x180.png]
[ippro.netlify.app/css/support@expert-themes.8a.delayed]
[expert-themes.com/wp-content/themes/contra/images/background/10.jpg]
[expert-themes.com/wp-content/uploads/2018/06/bg_img1.jpg]
[expert-themes.com/wp-content/uploads/2020/12/preview-80x70.jpg]
[expert-themes.com/wp-content/uploads/2020/11/globex-preview-1-80x70.png]
[expert-themes.com/wp-content/uploads/2020/11/preview-1-80x70.png]
[expert-themes.com/wp-content/uploads/2020/11/globex-80x70.png]
[expert-themes.com/wp-content/uploads/2020/11/lezo-80x70.png]
[expert-themes.com/wp-content/uploads/2020/11/builder-80x70.png]
[expert-themes.com/wp-content/uploads/2020/08/globex-80x70.png]
[expert-themes.com/wp-content/uploads/2020/05/meto-preview-80x70.png]
[expert-themes.com/wp-content/uploads/2020/05/gym-preview-80x70.png]
[expert-themes.com/wp-content/uploads/2020/04/screenshot-1-80x70.png]
[expert-themes.com/wp-content/uploads/2020/04/screenshot-80x70.png]
[expert-themes.com/wp-content/uploads/2020/04/meto-image-80x70.png]
[expert-themes.com/wp-includes/js/dist/vendor/regenerator-runtime.minb36a.js]
[expert-themes.com/wp-includes/js/dist/vendor/wp-polyfill.min2c7c.js]
[expert-themes.com/wp-content/plugins/contact-form-7/includes/js/index7661.js]
[expert-themes.com/wp-includes/js/jquery/ui/core.min35d0.js]
[expert-themes.com/wp-content/themes/contra/js/popper.min41a3.js]
[expert-themes.com/wp-content/themes/contra/js/bootstrap.min41a3.js]
[expert-themes.com/wp-content/themes/contra/js/jquery.fancybox41a3.js]
[expert-themes.com/wp-content/themes/contra/js/owl41a3.js]
[expert-themes.com/wp-content/themes/contra/js/wow41a3.js]
[expert-themes.com/wp-content/themes/contra/js/appear41a3.js]
[expert-themes.com/wp-content/themes/contra/js/mixitup41a3.js]
[expert-themes.com/wp-content/themes/contra/js/jquery.mCustomScrollbar.concat.min41a3.js]
[expert-themes.com/wp-content/themes/contra/js/jquery.countdown41a3.js]
[expert-themes.com/wp-content/themes/contra/js/map-script41a3.js]
[expert-themes.com/wp-content/themes/contra/js/script41a3.js]
[expert-themes.com/wp-content/themes/contra/js/jquery.cookie41a3.js]
[expert-themes.com/wp-content/plugins/kingcomposer/assets/frontend/js/kingcomposer.min7d47.js]
[expert-themes.com/wp-includes/js/wp-embed.min41a3.js]
[ippro.netlify.app/css/owl.video.play.html]
[widget-v4.tidiochat.com/1_80_0/static/js/render.106c619fdca921c17d56.js]
[ippro.netlify.app/css/images/support@expert-themes.ad.delayed]
[ippro.netlify.app/css/images/ui-icons_777620_256x240.html]
[ippro.netlify.app/css/images/ui-icons_cc0000_256x240.html]
[ippro.netlify.app/css/images/ui-icons_777777_256x240.html]
[ippro.netlify.app/css/mcsb_buttons.html]
[expert-themes.com/wp-includes/css/dist/block-library/style.min41a3.css]
[expert-themes.com/wp-content/plugins/contact-form-7/includes/css/styles7661.css]
[expert-themes.com/wp-content/plugins/revslider/public/assets/assets/gridtile.png]
[expert-themes.com/wp-content/plugins/revslider/public/assets/assets/gridtile_white.png]
[expert-themes.com/wp-content/plugins/revslider/public/assets/assets/gridtile_3x3.png]
[expert-themes.com/wp-content/plugins/revslider/public/assets/assets/gridtile_3x3_white.png]
[expert-themes.com/wp-content/plugins/revslider/public/assets/assets/coloredbg.png]
[expert-themes.com/wp-content/plugins/revslider/public/assets/assets/loader.gif]
[expert-themes.com/wp-content/plugins/revslider/public/assets/css/rs6658f.css]
[expert-themes.com/wp-content/themes/contra/css/bootstrap41a3.css]
[expert-themes.com/wp-content/themes/contra/css/flaticon41a3.css]
[expert-themes.com/wp-content/themes/contra/css/font-awesome41a3.css]
[expert-themes.com/wp-content/themes/contra/css/animate41a3.css]
[expert-themes.com/wp-content/themes/contra/css/jquery.mCustomScrollbar.min41a3.css]
[expert-themes.com/wp-content/themes/contra/css/owl41a3.css]
[expert-themes.com/wp-content/themes/contra/css/jquery.bootstrap-touchspin41a3.css]
[expert-themes.com/wp-content/themes/contra/css/jquery.fancybox.min41a3.css]
[expert-themes.com/wp-content/themes/contra/images/icons/preloader.gif]
[expert-themes.com/wp-content/themes/contra/images/icons/icon-dots-dark.jpg]
[expert-themes.com/wp-content/themes/contra/images/icons/shap-1.png]
[expert-themes.com/wp-content/themes/contra/images/icons/shape-2.png]
[expert-themes.com/wp-content/themes/contra/images/icons/help-bg.jpg]
[expert-themes.com/wp-content/themes/contra/images/icons/icon-lines.jpg]
[expert-themes.com/wp-content/themes/contra/images/icons/icon-dot.png]
[expert-themes.com/wp-content/themes/contra/images/icons/icon-flower.png]
[expert-themes.com/wp-content/themes/contra/images/icons/icon-lines-dark.jpg]
[expert-themes.com/wp-content/themes/contra/images/icons/icon-dots.png]
[expert-themes.com/wp-content/themes/contra/images/icons/pentagon.png]
[expert-themes.com/wp-content/themes/contra/images/icons/icon-select.png]
[expert-themes.com/wp-content/themes/contra/images/background/3.jpg]
[expert-themes.com/wp-content/themes/contra/images/icons/pattern-3.jpg]
[expert-themes.com/wp-content/themes/contra/style41a3.css]
[expert-themes.com/wp-content/themes/contra/css/custom41a3.css]
[expert-themes.com/wp-content/themes/contra/css/gutenberg41a3.css]
[expert-themes.com/wp-content/themes/contra/css/responsive41a3.css]
[expert-themes.com/wp-content/themes/contra/css/color-themes/default-theme41a3.css]
[expert-themes.com/wp-content/themes/contra/images/icons/tick.png]
[expert-themes.com/wp-content/themes/contra/css/color-switcher-design41a3.css]
[expert-themes.com/wp-content/plugins/kingcomposer/assets/frontend/images/loader.png]
[expert-themes.com/wp-content/plugins/kingcomposer/assets/frontend/images/loading.gif]
[expert-themes.com/wp-content/plugins/kingcomposer/assets/frontend/images/fb_loading.gif]
[expert-themes.com/wp-content/plugins/kingcomposer/assets/frontend/images/icon-remove.png]
[expert-themes.com/wp-content/plugins/kingcomposer/assets/frontend/css/kingcomposer.min7d47.css]
[expert-themes.com/wp-content/plugins/kingcomposer/assets/css/animate7d47.css]
[expert-themes.com/wp-content/themes/contra/css/flaticon7d47.css]
[expert-themes.com/wp-content/plugins/kingcomposer/assets/css/fonts/Simple-Line-Icons4c82.eot]
[expert-themes.com/wp-content/plugins/kingcomposer/assets/css/fonts/Simple-Line-Iconsd41d.eot]
[expert-themes.com/wp-content/plugins/kingcomposer/assets/css/fonts/Simple-Line-Icons.ttf]
[expert-themes.com/wp-content/plugins/kingcomposer/assets/css/fonts/Simple-Line-Icons.woff]
[expert-themes.com/wp-content/plugins/kingcomposer/assets/css/fonts/et-line.eot]
[expert-themes.com/wp-content/plugins/kingcomposer/assets/css/fonts/et-lined41d.eot]
[expert-themes.com/wp-content/plugins/kingcomposer/assets/css/fonts/et-line.woff]
[expert-themes.com/wp-content/plugins/kingcomposer/assets/css/fonts/et-line.ttf]
[expert-themes.com/wp-content/plugins/kingcomposer/assets/css/fonts/fa-solid-900.eot]
[expert-themes.com/wp-content/plugins/kingcomposer/assets/css/fonts/fa-solid-900d41d.eot]
[expert-themes.com/wp-content/plugins/kingcomposer/assets/css/fonts/fa-solid-900.woff2]
[expert-themes.com/wp-content/plugins/kingcomposer/assets/css/fonts/fa-solid-900.woff]
[expert-themes.com/wp-content/plugins/kingcomposer/assets/css/fonts/fa-solid-900.ttf]
[expert-themes.com/wp-content/plugins/kingcomposer/assets/css/fonts/fa-brands-400.eot]
[expert-themes.com/wp-content/plugins/kingcomposer/assets/css/fonts/fa-brands-400d41d.eot]
[expert-themes.com/wp-content/plugins/kingcomposer/assets/css/fonts/fa-brands-400.woff2]
[expert-themes.com/wp-content/plugins/kingcomposer/assets/css/fonts/fa-brands-400.woff]
[expert-themes.com/wp-content/plugins/kingcomposer/assets/css/fonts/fa-brands-400.ttf]
[expert-themes.com/wp-content/plugins/kingcomposer/assets/css/icons7d47.css]
[ippro.netlify.app/css/support@expert-themes.html]
[ippro.netlify.app/css/images/support@expert-themes.html]
[expert-themes.com/wp-content/plugins/revslider/public/assets/css/openhand.html]
[expert-themes.com/wp-content/plugins/revslider/public/assets/css/closedhand.html]
[expert-themes.com/wp-content/themes/contra/css/mCSB_buttons.html]
[expert-themes.com/wp-content/themes/contra/css/owl.video.play.html]
[expert-themes.com/wp-content/plugins/kingcomposer/assets/css/fonts/Simple-Line-Iconsd41d.svg]
[expert-themes.com/wp-content/plugins/kingcomposer/assets/css/fonts/et-line.svg]
[expert-themes.com/wp-content/plugins/kingcomposer/assets/css/fonts/fa-solid-900.svg]
[expert-themes.com/wp-content/plugins/kingcomposer/assets/css/fonts/fa-brands-400.svg]
